// Jest Snapshot v1, https://goo.gl/fbAQLP

exports[`LinkForm component LinkForm component initial render correctly component 1`] = `
<Fragment>
  <Form
    autoComplete="off"
    onSubmit={[Function]}
  >
    <Input
      error=""
      label="Title"
      name="title"
    />
    <Input
      error=""
      label="Link"
      name="url"
    />
    <styled.div>
      <Input
        error=""
        label="Tag"
        name="tag"
        onChange={[Function]}
        value=""
      />
    </styled.div>
    <Input
      error=""
      label="Description"
      name="description"
    />
    <Button
      alignRight={true}
      disabled={false}
    >
      button
    </Button>
  </Form>
</Fragment>
`;
